
Memory Configuration

Name             Origin             Length             Attributes
flash            0x08000000         0x00010000         xr
sram             0x20000000         0x00005000         xrw
*default*        0x00000000         0xffffffff

Linker script and memory map


.text           0x08000000      0x140
                0x08000000                . = ALIGN (0x4)
 *(.vectors*)
 .vectors       0x08000000       0x1c startup.o
                0x08000000                vectors
 *(.text)
 .text          0x0800001c       0x94 main.o
                0x0800001c                main
 .text          0x080000b0       0x90 startup.o
                0x080000b0                Reset_Handler
                0x08000134                H_Fault_Handler
                0x08000134                MM_Fault_Handler
                0x08000134                Bus_Fault_Handler
                0x08000134                Default_Handler
                0x08000134                Usage_Fault_Handler
                0x08000134                NMI_Handler
 *(.rodata)
                0x08000140                . = ALIGN (0x4)
                0x08000140                _E_text = .

.glue_7         0x08000140        0x0
 .glue_7        0x08000140        0x0 linker stubs

.glue_7t        0x08000140        0x0
 .glue_7t       0x08000140        0x0 linker stubs

.vfp11_veneer   0x08000140        0x0
 .vfp11_veneer  0x08000140        0x0 linker stubs

.v4_bx          0x08000140        0x0
 .v4_bx         0x08000140        0x0 linker stubs

.iplt           0x08000140        0x0
 .iplt          0x08000140        0x0 main.o

.rel.dyn        0x08000140        0x0
 .rel.iplt      0x08000140        0x0 main.o

.data           0x20000000        0xc load address 0x08000140
                0x20000000                _S_DATA = .
 *(.data)
 .data          0x20000000        0xc main.o
                0x20000000                R_ODR
                0x20000004                R_CRH_T
                0x20000008                R_APB2ENR_T
 .data          0x2000000c        0x0 startup.o
                0x2000000c                . = ALIGN (0x4)
                0x2000000c                _E_DATA = .

.igot.plt       0x2000000c        0x0 load address 0x0800014c
 .igot.plt      0x2000000c        0x0 main.o

.bss            0x2000000c     0x1000 load address 0x0800014c
                0x2000000c                _S_BSS = .
 *(.bss)
 .bss           0x2000000c        0x0 main.o
 .bss           0x2000000c        0x0 startup.o
                0x2000000c                _E_BSS = .
                0x2000000c                . = ALIGN (0x4)
                0x2000100c                . = (. + 0x1000)
 *fill*         0x2000000c     0x1000 
                0x2000100c                _stack_top = .
LOAD main.o
LOAD startup.o
OUTPUT(learn_in_depth_cortex_m3.elf elf32-littlearm)

.debug_info     0x00000000      0x3c3
 .debug_info    0x00000000      0x243 main.o
 .debug_info    0x00000243      0x180 startup.o

.debug_abbrev   0x00000000      0x191
 .debug_abbrev  0x00000000       0xca main.o
 .debug_abbrev  0x000000ca       0xc7 startup.o

.debug_loc      0x00000000       0xb4
 .debug_loc     0x00000000       0x38 main.o
 .debug_loc     0x00000038       0x7c startup.o

.debug_aranges  0x00000000       0x40
 .debug_aranges
                0x00000000       0x20 main.o
 .debug_aranges
                0x00000020       0x20 startup.o

.debug_line     0x00000000       0xd5
 .debug_line    0x00000000       0x6d main.o
 .debug_line    0x0000006d       0x68 startup.o

.debug_str      0x00000000      0x212
 .debug_str     0x00000000      0x191 main.o
                                0x1c5 (size before relaxing)
 .debug_str     0x00000191       0x81 startup.o
                                0x1b6 (size before relaxing)

.comment        0x00000000       0x7e
 .comment       0x00000000       0x7e main.o
                                 0x7f (size before relaxing)
 .comment       0x0000007e       0x7f startup.o

.ARM.attributes
                0x00000000       0x33
 .ARM.attributes
                0x00000000       0x33 main.o
 .ARM.attributes
                0x00000033       0x33 startup.o

.debug_frame    0x00000000       0x7c
 .debug_frame   0x00000000       0x2c main.o
 .debug_frame   0x0000002c       0x50 startup.o
